Source file: 7-base_geometry.py

import the class
>>> BaseGeometry = __import__('7-base_geometry').BaseGeometry

Create an object
>>> bg = BaseGeometry()

Test the method for normal values
>>> bg.integer_validator("my_int", 12)

>>> bg.integer_validator("width", 89)

Try for a non-int value
>>> bg.integer_validator("name", "John")
Traceback (most recent call last):
...
TypeError: name must be an integer

Try for a zero value
>>> bg.integer_validator("age", 0)
Traceback (most recent call last):
...
ValueError: age must be greater than 0

Try for a negative value
>>> bg.integer_validator("distance", -4)
Traceback (most recent call last):
...
ValueError: distance must be greater than 0
